  Γû▓ Next.js 14.2.16
  - Environments: .env.local

   Creating an optimized production build ...
node.exe : Failed to compile.
At line:1 char:1
+ & "C:\Program 
Files\nodejs/node.exe" "C:\Us
ers\AYAJ\AppData\Roaming\n 
...
+ ~~~~~~~~~~~~~~~~~~~~~~~~~~~
~~~~~~~~~~~~~~~~~~~~~~~~~~~~~
~~~~~~~~~~~~~
    + CategoryInfo           
   : NotSpeci    fied: 
(Failed to     
compile.:String)     [], 
RemoteExcepti    on
    + FullyQualifiedE    
rrorId : NativeCo    
mmandError
 

./app/api/seed/route.js
Module not found: Can't 
resolve '@/data/tourism-data'

https://nextjs.org/docs/messa
ges/module-not-found


> Build failed because of 
webpack errors
